[one.quizzigo.com/index.html]
[backblue.gif]
[fade.gif]
[index.html]
[one.quizzigo.com/favicon.ico]
[cdn.jsdelivr.net/npm/bootstrap@5.3.3/dist/css/bootstrap.min.css]
[cdnjs.cloudflare.com/ajax/libs/font-awesome/4.7.0/css/font-awesome.min.css]
[one.quizzigo.com/assets/app.css]
[pagead2.googlesyndication.com/pagead/js/f723f.txt]
[cdn.onesignal.com/sdks/web/v16/OneSignalSDK.page.js]
[one.quizzigo.com/assets/images/SPLASH.png]
[one.quizzigo.com/assets/images/Arabic.png]
[one.quizzigo.com/assets/images/English.png]
[one.quizzigo.com/assets/images/Hindi.png]
[one.quizzigo.com/assets/images/Spanish.png]
[one.quizzigo.com/assets/images/French.png]
[one.quizzigo.com/assets/images/Portuguese.png]
[one.quizzigo.com/assets/images/Russian.png]
[one.quizzigo.com/assets/images/Turkey.png]
[one.quizzigo.com/assets/images/Marathi.png]
[one.quizzigo.com/assets/images/Telugu.png]
[one.quizzigo.com/assets/images/Vietnamese.png]
[one.quizzigo.com/assets/images/Others.png]
[one.quizzigo.com/bootstrap.min.js]
[one.quizzigo.com/country_content.js]
[one.quizzigo.com/country.html]
[one.quizzigo.com/index.html]
[cdn.jsdelivr.net/npm/bootstrap@5.3.3/dist/css/bootstrap.min.css]
[cdnjs.cloudflare.com/ajax/libs/font-awesome/4.7.0/css/font-awesome.min.css]
[one.quizzigo.com/assets/app.css]
[cdn.jsdelivr.net/npm/bootstrap@5.3.3/dist/js/bootstrap.bundle.min.js]
[translate.google.com/translate_a/elementa0d8.js]
[one.quizzigo.com/assets/images/India.png]
[one.quizzigo.com/assets/images/USA.png]
[one.quizzigo.com/assets/images/Canada.png]
[one.quizzigo.com/assets/images/Germany.png]
[one.quizzigo.com/assets/images/United Kingdom.png]
[one.quizzigo.com/assets/images/China.png]
[one.quizzigo.com/assets/images/Other.png]
[one.quizzigo.com/country.html]
[one.quizzigo.com/assets/images/Other.html]
[one.quizzigo.com/profession.html]
[one.quizzigo.com/assets/images/Accountant.png]
[one.quizzigo.com/assets/images/Doctor.png]
[one.quizzigo.com/assets/images/Teacher.png]
[one.quizzigo.com/assets/images/Artist.png]
[one.quizzigo.com/assets/images/Engineer.png]
[one.quizzigo.com/assets/images/Journalist.png]
[one.quizzigo.com/profession.html]
[one.quizzigo.com/currency.html]
[one.quizzigo.com/assets/images/Indian Rupee.png]
[one.quizzigo.com/assets/images/American Dollar.png]
[one.quizzigo.com/assets/images/Euro.png]
[one.quizzigo.com/assets/images/Sterling Pound.png]
[one.quizzigo.com/assets/images/British pound.png]
[one.quizzigo.com/assets/images/Turkish Lira.png]
[one.quizzigo.com/currency.html]
[one.quizzigo.com/annualsalary.html]
[one.quizzigo.com/assets/images/1 lakh - 2 lakh.png]
[one.quizzigo.com/assets/images/2 lakh - 3 lakh.png]
[one.quizzigo.com/assets/images/3 lakh - 4 lakh.png]
[one.quizzigo.com/assets/images/4 lakh - 5 lakh.png]
[one.quizzigo.com/assets/images/5 lakh - 6 lakh.png]
[one.quizzigo.com/assets/images/6 lakh & Above.png]
[one.quizzigo.com/annualsalary.html]
[one.quizzigo.com/home.html]
[cdn.jsdelivr.net/npm/bootstrap@5.3.2/dist/css/bootstrap.min.css]
[one.quizzigo.com/category.html]
[one.quizzigo.com/assets/images/Let’s Start.png]
[one.quizzigo.com/assets/images/Rate App.png]
[one.quizzigo.com/assets/images/Share App.png]
[one.quizzigo.com/assets/images/Privacy Policy.png]
[cdn.jsdelivr.net/npm/bootstrap@5.3.2/dist/js/bootstrap.bundle.min.js]
[cdn.jsdelivr.net/npm/bootstrap-icons/font/bootstrap-icons.js]
[one.quizzigo.com/home.html]
[cdn.jsdelivr.net/npm/bootstrap@5.3.2/dist/css/bootstrap.min.css]
[cdnjs.cloudflare.com/ajax/libs/font-awesome/6.7.1/css/all.min.css]
[one.quizzigo.com/loancalculator.html]
[one.quizzigo.com/assets/images/Loan Calculation.png]
[one.quizzigo.com/bankingcalculation.html]
[one.quizzigo.com/assets/images/Banking Calculation.png]
[one.quizzigo.com/mutualfundsip.html]
[one.quizzigo.com/assets/images/Mutual Fund & SIP.png]
[one.quizzigo.com/bimaschemecalculations.html]
[one.quizzigo.com/assets/images/Bima Scheme Calculation.png]
[one.quizzigo.com/othercalculation.html]
[one.quizzigo.com/assets/images/Other Calculation.png]
[one.quizzigo.com/nearbyme.html]
[one.quizzigo.com/assets/images/Near by Me.png]
[one.quizzigo.com/category.html]
[cdn.jsdelivr.net/npm/bootstrap-icons/font/bootstrap-icons.js]
[cdnjs.cloudflare.com/ajax/libs/font-awesome/6.7.1/css/all.min.css]
[one.quizzigo.com/assets/images/left-arrow.png]
[one.quizzigo.com/emicalculator.html]
[one.quizzigo.com/assets/images/Loan Eligibility.png]
[one.quizzigo.com/common_calculator0068.html]
[one.quizzigo.com/assets/images/Loan Tenure.png]
[one.quizzigo.com/common_calculatorf7d3.html]
[one.quizzigo.com/assets/images/Fund Calculator.png]
[one.quizzigo.com/common_calculatorc809.html]
[one.quizzigo.com/assets/images/Loan Amount.png]
[one.quizzigo.com/createloanprofile.html]
[one.quizzigo.com/assets/images/Create Loan Profile.png]
[one.quizzigo.com/loancalculator.html]
[one.quizzigo.com/assets/images/calculator.png]
[one.quizzigo.com/common_calculator5636.html]
[one.quizzigo.com/assets/images/Compound Calculator.png]
[one.quizzigo.com/common_calculator3c74.html]
[one.quizzigo.com/assets/images/Fixed Deposit Calculator.png]
[one.quizzigo.com/common_calculator3d45.html]
[one.quizzigo.com/assets/images/RD Calculator.png]
[one.quizzigo.com/common_calculatorb98f.html]
[one.quizzigo.com/assets/images/PPF Calculator.png]
[one.quizzigo.com/common_calculator9df6.html]
[one.quizzigo.com/roical.html]
[one.quizzigo.com/assets/images/ROI Calculator.png]
[one.quizzigo.com/cashcalculator.html]
[one.quizzigo.com/assets/images/Cash Calculator.png]
[one.quizzigo.com/bankingcalculation.html]
[one.quizzigo.com/common_calculator0cf3.html]
[one.quizzigo.com/assets/images/SIP Calculator.png]
[one.quizzigo.com/common_calculator968b.html]
[one.quizzigo.com/assets/images/SWP Calculator.png]
[one.quizzigo.com/common_calculator576e.html]
[one.quizzigo.com/assets/images/Equity Saving.png]
[one.quizzigo.com/common_calculatore1c7.html]
[one.quizzigo.com/assets/images/Lumpsum Calculator.png]
[one.quizzigo.com/common_calculatorf5ea.html]
[one.quizzigo.com/assets/images/Interest Rate Calculator.png]
[one.quizzigo.com/common_calculatorb9a6.html]
[one.quizzigo.com/assets/images/Moratorium Calculator.png]
[one.quizzigo.com/common_calculatora578.html]
[one.quizzigo.com/assets/images/SIP Planner.png]
[one.quizzigo.com/mutualfundsip.html]
[one.quizzigo.com/common_calculatorddee.html]
[one.quizzigo.com/assets/images/PM Jivan Jyoti.png]
[one.quizzigo.com/common_calculator7171.html]
[one.quizzigo.com/assets/images/Gratuity Scheme.png]
[one.quizzigo.com/common_calculatordd3a.html]
[one.quizzigo.com/assets/images/PM Suraksha.png]
[one.quizzigo.com/common_calculator208d.html]
[one.quizzigo.com/assets/images/Sukanya Samriddhi Account.png]
[one.quizzigo.com/common_calculator9677.html]
[one.quizzigo.com/assets/images/Senior Citizen Scheme.png]
[one.quizzigo.com/common_calculatorf389.html]
[one.quizzigo.com/assets/images/Kishan Vikas Patra.png]
[one.quizzigo.com/common_calculatora78a.html]
[one.quizzigo.com/assets/images/Monthly Income Scheme.png]
[one.quizzigo.com/bimaschemecalculations.html]
[one.quizzigo.com/common_calculator35e4.html]
[one.quizzigo.com/assets/images/Intraday.png]
[one.quizzigo.com/common_calculator4dd1.html]
[one.quizzigo.com/assets/images/Delivery.png]
[one.quizzigo.com/common_calculatorab30.html]
[one.quizzigo.com/assets/images/Future.png]
[one.quizzigo.com/common_calculatora2cb.html]
[one.quizzigo.com/assets/images/Options.png]
[one.quizzigo.com/common_calculatord0d7.html]
[one.quizzigo.com/assets/images/Currency Converter.png]
[one.quizzigo.com/citizencalculation.html]
[one.quizzigo.com/assets/images/Simple Calculator.png]
[one.quizzigo.com/common_calculatorcaa1.html]
[one.quizzigo.com/assets/images/Amount to Word.png]
[one.quizzigo.com/common_calculator8824.html]
[one.quizzigo.com/assets/images/Percentage Calculator.png]
[one.quizzigo.com/othercalculation.html]
[one.quizzigo.com/assets/images/Bank.png]
[one.quizzigo.com/assets/images/ATM.png]
[one.quizzigo.com/assets/images/Hospital.png]
[one.quizzigo.com/assets/images/Restaurants.png]
[one.quizzigo.com/assets/images/Police Station.png]
[one.quizzigo.com/assets/images/School.png]
[one.quizzigo.com/assets/images/Fire Station.png]
[one.quizzigo.com/assets/images/Petrol Pumps.png]
[one.quizzigo.com/assets/images/Hotels.png]
[one.quizzigo.com/assets/images/Gym.png]
[one.quizzigo.com/assets/images/Movie Theater.png]
[one.quizzigo.com/assets/images/Medical Center.png]
[one.quizzigo.com/assets/images/Malls.png]
[one.quizzigo.com/assets/images/Railway Station.png]
[one.quizzigo.com/assets/images/Bus Stop.png]
[one.quizzigo.com/assets/images/Taxi Services.png]
[one.quizzigo.com/assets/images/Temple.png]
[one.quizzigo.com/assets/images/Airport.png]
[one.quizzigo.com/nearbyme.html]
[one.quizzigo.com/emicalculator.html]
[cdn.jsdelivr.net/npm/bootstrap@5.3.0-alpha1/dist/css/bootstrap.min.css]
[one.quizzigo.com/generateField.js]
[cdn.jsdelivr.net/npm/@popperjs/core@2.11.6/dist/umd/popper.min.js]
[one.quizzigo.com/common_calculator0068.html]
[one.quizzigo.com/common_calculatorf7d3.html]
[one.quizzigo.com/common_calculatorc809.html]
[one.quizzigo.com/createloanprofile.html]
[one.quizzigo.com/common_calculator5636.html]
[one.quizzigo.com/common_calculator3c74.html]
[one.quizzigo.com/common_calculator3d45.html]
[one.quizzigo.com/common_calculatorb98f.html]
[one.quizzigo.com/common_calculator9df6.html]
[one.quizzigo.com/roical.html]
[cdn.jsdelivr.net/npm/bootstrap@5.3.0-alpha1/dist/js/bootstrap.min.js]
[one.quizzigo.com/cashcalculator.html]
[one.quizzigo.com/common_calculator0cf3.html]
[one.quizzigo.com/common_calculator968b.html]
[one.quizzigo.com/common_calculator576e.html]
[one.quizzigo.com/common_calculatore1c7.html]
[one.quizzigo.com/common_calculatorf5ea.html]
[one.quizzigo.com/common_calculatorb9a6.html]
[one.quizzigo.com/common_calculatora578.html]
[one.quizzigo.com/common_calculatorddee.html]
[one.quizzigo.com/common_calculator7171.html]
[one.quizzigo.com/common_calculatordd3a.html]
[one.quizzigo.com/common_calculator208d.html]
[one.quizzigo.com/common_calculator9677.html]
[one.quizzigo.com/common_calculatorf389.html]
[one.quizzigo.com/common_calculatora78a.html]
[one.quizzigo.com/common_calculator35e4.html]
[one.quizzigo.com/common_calculator4dd1.html]
[one.quizzigo.com/common_calculatorab30.html]
[one.quizzigo.com/common_calculatora2cb.html]
[one.quizzigo.com/common_calculatord0d7.html]
[one.quizzigo.com/citizencalculation.html]
[one.quizzigo.com/common_calculatorcaa1.html]
[one.quizzigo.com/common_calculator8824.html]
[cdn.jsdelivr.net/npm/bootstrap@5.3.0-alpha1/dist/css/bootstrap.min.css]
[cdn.jsdelivr.net/npm/bootstrap@5.3.0-alpha1/dist/js/bootstrap.bundle.min.js]
